// Jest Snapshot v1, https://goo.gl/fbAQLP

exports[`should show react loading when data is not fetched 1`] = `null`;
